
> personal-context-mcp@1.0.0 test
> vitest run tests/ui_api.test.ts


[1m[46m RUN [49m[22m [36mv4.0.16 [39m[90mC:/Users/james/Documents/Development/personal-context-mcp[39m

npm : Sourcemap for "C
:/Users/james/Document
s/Development/personal
-context-mcp/node_modu
les/node-cron/dist/esm
/node-cron.js" points 
to missing source 
files
At line:1 char:1
+ npm test 
tests/ui_api.test.ts 
> test_output.txt 2>&1
+ ~~~~~~~~~~~~~~~~~~~~
~~~~~~~~~~~~~~~~~~~~~~
~~~~~~~~~~
    + CategoryInfo    
          : 
NotSpecified: (Sou    
rcemap for "...ng 
sour    ce 
files:String) [], R   
 emoteException
    + 
FullyQualifiedErrorI  
  d : 
NativeCommandError
 
 [31mÔØ»[39m tests/ui_api.test.ts [2m([22m[2m5 tests[22m[2m | [22m[31m2 failed[39m[2m)[22m[32m 65[2mms[22m[39m
     [32mÔ£ô[39m GET /api/master-key-status returns configured status[32m 24[2mms[22m[39m
     [32mÔ£ô[39m GET /api/config-schema returns fields[32m 5[2mms[22m[39m
     [32mÔ£ô[39m GET / serves index.html by default[32m 8[2mms[22m[39m
[31m     [31m├ù[31m GET / serves Connect UI when parameters are present[39m[32m 20[2mms[22m[39m
[31m     [31m├ù[31m GET /api/api-keys/schema (via alias) works[39m[32m 7[2mms[22m[39m

[31mÔÄ»ÔÄ»ÔÄ»ÔÄ»ÔÄ»ÔÄ
»ÔÄ»[39m[1m[41m 
Failed Tests 2 [49m[
22m[31mÔÄ»ÔÄ»ÔÄ»ÔÄ»ÔÄ
»ÔÄ»ÔÄ»[39m

[41m[1m FAIL 
[22m[49m tests/ui_ap
i.test.ts[2m > 
[22mUI API 
Standardization[2m > 
[22mGET / serves 
Connect UI when 
parameters are present
[31m[1mAssertionErro
r[22m: expected 
'\n<!DOCTYPE 
html>\n<html 
lang="en">\nÔÇª' to 
contain 
'<title>Connect - 
Personal Context 
BacÔÇª'[39m

[32m- Expected[39m
[31m+ Received[39m

[32m- <title>Connect 
- Personal Context 
Backend</title>[39m
[31m+[39m
[31m+ <!DOCTYPE 
html>[39m
[31m+ <html 
lang="en">[39m
[31m+ <head>[39m
[31m+     <meta 
charset="UTF-8">[39m
[31m+     <meta 
name="viewport" conten
t="width=device-width,
 initial-scale=1.0">[
39m
[31m+     
<title>Connect - 
Personal Context MCP 
Server</title>[39m
[31m+     <script src
="https://cdn.tailwind
css.com"></script>[39
m
[31m+ </head>[39m
[31m+ <body 
class="bg-gray-100 
min-h-screen flex 
items-center 
justify-center 
p-4">[39m
[31m+     <div 
class="bg-white 
rounded-lg shadow-md 
w-full max-w-xl 
overflow-hidden">[39m
[31m+         <div 
class="bg-blue-600 
p-6 text-white">[39m
[31m+             
<h1 class="text-2xl 
font-bold">Connect 
Personal Context MCP 
Server</h1>[39m
[31m+             <p 
class="mt-2 opacity-90
">Aggregates user 
status signals like 
location and calendar 
events.</p>[39m
[31m+         
</div>[39m
[31m+[39m
[31m+         <div 
class="p-6">[39m
[31m+             
<div 
class="bg-red-100 
border-l-4 
border-red-500 
text-red-700 p-4 
mb-6" 
role="alert">[39m
[31m+                
 <p class="font-bold">
Error</p>[39m
[31m+                
 <p>Missing or 
invalid required 
parameters: 
client_id</p>[39m
[31m+             
</div>[39m
[31m+[39m
[31m+             
<form 
action="/connect" 
method="POST" class="s
pace-y-4">[39m
[31m+                
 <input type="hidden" 
name="redirect_uri" 
value="foo">[39m
[31m+                
 <input type="hidden" 
name="client_id" 
value="">[39m
[31m+                
 <input type="hidden" 
name="state" 
value="bar">[39m
[31m+                
 <input type="hidden" 
name="code_challenge" 
value="baz">[39m
[31m+                
 <input type="hidden" 
name="code_challenge_m
ethod" 
value="S256">[39m
[31m+[39m
[31m+                
 <fieldset 
class="opacity-50 
cursor-not-allowed" 
disabled>[39m
[31m+                
     [39m
[31m+                
     <div 
class="mb-4">[39m
[31m+                
         <label 
for="displayName" 
class="block text-sm 
font-medium 
text-gray-700 
mb-1">[39m
[31m+                
             Display 
Name [39m
[31m+                
         </label>[39m
[31m+                
         <input[39m
[31m+                
             
type="text"[39m
[31m+                
             name="dis
playName"[39m
[31m+                
             
id="displayName"[39m
[31m+                
             
class="w-full px-3 
py-2 border 
border-gray-300 
rounded-md 
focus:outline-none 
focus:ring-2 focus:rin
g-blue-500"[39m
[31m+                
             
placeholder="A 
friendly name for 
this connection"[39m
[31m+                
             [39m
[31m+                
             
value=""[39m
[31m+                
         >[39m
[31m+                
         <p 
class="mt-1 text-xs 
text-gray-500">A 
friendly name for 
this 
connection</p>[39m
[31m+                
     </div>[39m
[31m+                
     [39m
[31m+                
     <div 
class="mb-4">[39m
[31m+                
         <label 
for="googleApiKey" 
class="block text-sm 
font-medium 
text-gray-700 
mb-1">[39m
[31m+                
             Google 
API Key <span class="t
ext-red-500">*</span>
[39m
[31m+                
         </label>[39m
[31m+                
         <input[39m
[31m+                
             
type="password"[39m
[31m+                
             name="goo
gleApiKey"[39m
[31m+                
             
id="googleApiKey"[39m
[31m+                
             
class="w-full px-3 
py-2 border 
border-gray-300 
rounded-md 
focus:outline-none 
focus:ring-2 focus:rin
g-blue-500"[39m
[31m+                
             
placeholder="API Key 
for Google 
services"[39m
[31m+                
             
required[39m
[31m+                
             
value=""[39m
[31m+                
         >[39m
[31m+                
         <p 
class="mt-1 text-xs 
text-gray-500">API 
Key for Google 
services</p>[39m
[31m+                
     </div>[39m
[31m+                
     [39m
[31m+[39m
[31m+                
     <div 
class="pt-4">[39m
[31m+                
         <button 
type="submit" [39m
[31m+                
             
class="w-full 
bg-blue-600 
hover:bg-blue-700 
text-white font-bold 
py-2 px-4 rounded 
focus:outline-none 
focus:shadow-outline 
transition 
duration-150 
ease-in-out 
opacity-50 cursor-not-
allowed"[39m
[31m+                
             
disabled>[39m
[31m+                
             
Connect[39m
[31m+                
         
</button>[39m
[31m+                
     </div>[39m
[31m+                
 </fieldset>[39m
[31m+             
</form>[39m
[31m+         
</div>[39m
[31m+     </div>[39m
[31m+ </body>[39m
[31m+ </html>[39m
[31m+     [39m

[36m [2mÔØ»[22m tes
ts/ui_api.test.ts:[2m
57:26[22m[39m
    [90m 55| [39m   
     const res = 
await request(app).get
('/?redirect_uri=foo&s
tate=bÔÇª
    [90m 56| [39m   
     [34mexpect[39m(
res[33m.[39mstatus)
[33m.[39m[34mtoBe[3
9m([34m200[39m)[33m
;[39m
    [90m 57| [39m   
     expect(res.text).
toContain('<title>Conn
ect - Personal 
Context ÔÇª
    [90m   | [39m   
                      
[31m^[39m
    [90m 58| [39m   
 })[33m;[39m
    [90m 59| [39m

[31m[2mÔÄ»ÔÄ»ÔÄ»ÔÄ»Ô
Ä»ÔÄ»ÔÄ»ÔÄ»ÔÄ»ÔÄ»ÔÄ»ÔÄ
»ÔÄ»ÔÄ»ÔÄ»ÔÄ»ÔÄ»ÔÄ»ÔÄ»
ÔÄ»ÔÄ»ÔÄ»ÔÄ»ÔÄ»[1/2]ÔÄ
»[22m[39m

[41m[1m FAIL 
[22m[49m tests/ui_ap
i.test.ts[2m > 
[22mUI API 
Standardization[2m > 
[22mGET 
/api/api-keys/schema 
(via alias) works
[31m[1mAssertionErro
r[22m: expected 404 
to be 200 // 
Object.is 
equality[39m

[32m- Expected[39m
[31m+ Received[39m

[32m- 200[39m
[31m+ 404[39m

[36m [2mÔØ»[22m tes
ts/ui_api.test.ts:[2m
63:28[22m[39m
    [90m 61| [39m   
     // The original 
route was 
/api-keys/schema. The 
new alias is /ÔÇª
    [90m 62| [39m   
     [35mconst[39m 
res [33m=[39m 
[35mawait[39m [34mr
equest[39m(app)[33m.
[39m[35mget[39m([3
2m'/api/api-keys/schem
a'[39m)[33m;[39m
    [90m 63| [39m   
     [34mexpect[39m(
res[33m.[39mstatus)
[33m.[39m[34mtoBe[3
9m([34m200[39m)[33m
;[39m
    [90m   | [39m   
                      
  [31m^[39m
    [90m 64| [39m   
     [90m// It 
returns an array 
directly based on 
api-keys.ts:23[39m
    [90m 65| [39m   
     [34mexpect[39m(
[33mArray[39m[33m.
[39m[34misArray[39m(
res[33m.[39mbody))[
33m.[39m[34mtoBe[39
m([35mtrue[39m)[33m
;[39m

[31m[2mÔÄ»ÔÄ»ÔÄ»ÔÄ»Ô
Ä»ÔÄ»ÔÄ»ÔÄ»ÔÄ»ÔÄ»ÔÄ»ÔÄ
»ÔÄ»ÔÄ»ÔÄ»ÔÄ»ÔÄ»ÔÄ»ÔÄ»
ÔÄ»ÔÄ»ÔÄ»ÔÄ»ÔÄ»[2/2]ÔÄ
»[22m[39m


[2m Test Files [22m [1m[31m1 failed[39m[22m[90m (1)[39m
[2m      Tests [22m [1m[31m2 failed[39m[22m[2m | [22m[1m[32m3 passed[39m[22m[90m (5)[39m
[2m   Start at [22m 17:16:20
[2m   Duration [22m 1.11s[2m (transform 288ms, setup 0ms, import 853ms, tests 65ms, environment 0ms)[22m

