src/routes/api-keys.ts(12,20): error TS6133: 'req' is declared but its value is never read.
src/routes/api-keys.ts(22,24): error TS6133: 'req' is declared but its value is never read.
src/utils/rateLimit.ts(16,17): error TS6138: Property 'cleanupIntervalSeconds' is declared but its value is never read.
